
Running 1 test using 1 worker

[1A[2K[1/1] [chromium] ΓÇ║ tests\e2e.spec.ts:8:9 ΓÇ║ NomadOS E2E ΓÇ║ should allow a user to signup, create a trip, and view details
[1A[2K[chromium] ΓÇ║ tests\e2e.spec.ts:8:9 ΓÇ║ NomadOS E2E ΓÇ║ should allow a user to signup, create a trip, and view details
Navigating to signup...

[1A[2KFilling signup form...

[1A[2K  1) [chromium] ΓÇ║ tests\e2e.spec.ts:8:9 ΓÇ║ NomadOS E2E ΓÇ║ should allow a user to signup, create a trip, and view details 

    [31mTest timeout of 60000ms exceeded.[39m

    Error: page.fill: Test timeout of 60000ms exceeded.
    Call log:
    [2m  - waiting for locator('input[type="email"]')[22m


      11 |         await page.goto('/signup');
      12 |         console.log('Filling signup form...');
    > 13 |         await page.fill('input[type="email"]', email);
         |                    ^
      14 |         await page.fill('input[type="password"]', password);
      15 |         await page.click('button[type="submit"]');
      16 |         console.log('Submitted signup form...');
        at D:\Travel App - Antigravity\NomadOS\tests\e2e.spec.ts:13:20

    Error Context: test-results\e2e-NomadOS-E2E-should-all-2ee2b-ate-a-trip-and-view-details-chromium\error-context.md


[1A[2K  1 failed
    [chromium] ΓÇ║ tests\e2e.spec.ts:8:9 ΓÇ║ NomadOS E2E ΓÇ║ should allow a user to signup, create a trip, and view details 
